{
    "bool": {
        "must": [
            {
                "bool": {
                    "minimum_should_match": 1,
                    "should": [
                        {
                            "dis_max": {
                                "tie_breaker": 1,
                                "queries": [
                                    {
                                        "bool": {
                                            "minimum_should_match": 0,
                                            "filter": [
                                                {
                                                    "multi_match": {
                                                        "query": "some search term",
                                                        "fields": [
                                                            "all",
                                                            "all.plain"
                                                        ],
                                                        "operator": "and"
                                                    }
                                                }
                                            ],
                                            "should": [
                                                {
                                                    "match": {
                                                        "title": {
                                                            "query": "some search term",
                                                            "boost": 9
                                                        }
                                                    }
                                                }
                                            ]
                                        }
                                    }
                                ]
                            }
                        },
                        {
                            "match_none": {}
                        }
                    ]
                }
            }
        ],
        "filter": [
            {
                "terms": {
                    "namespace": [
                        0
                    ]
                }
            }
        ]
    }
}