{
    "bool": {
        "must": [
            {
                "function_score": {
                    "query": {
                        "bool": {
                            "minimum_should_match": 1,
                            "should": [
                                {
                                    "dis_max": {
                                        "tie_breaker": 1,
                                        "queries": [
                                            {
                                                "bool": {
                                                    "minimum_should_match": 0,
                                                    "filter": [
                                                        {
                                                            "multi_match": {
                                                                "query": "yet another search term",
                                                                "fields": [
                                                                    "all",
                                                                    "all.plain"
                                                                ],
                                                                "operator": "and"
                                                            }
                                                        }
                                                    ],
                                                    "should": [
                                                        {
                                                            "match": {
                                                                "descriptions.de.plain": {
                                                                    "query": "yet another search term",
                                                                    "boost": 2
                                                                }
                                                            }
                                                        },
                                                        {
                                                            "match": {
                                                                "descriptions.fr": {
                                                                    "query": "yet another search term",
                                                                    "boost": 2
                                                                }
                                                            }
                                                        }
                                                    ]
                                                }
                                            }
                                        ]
                                    }
                                },
                                {
                                    "match_none": {}
                                }
                            ]
                        }
                    },
                    "functions": [
                        {
                            "script_score": {
                                "script": {
                                    "source": "100 \/ ( 1 + exp( -1 * ( _score + intercept ) ) )",
                                    "params": {
                                        "intercept": 1
                                    },
                                    "lang": "expression"
                                }
                            }
                        }
                    ]
                }
            }
        ],
        "filter": [
            {
                "terms": {
                    "namespace": [
                        0
                    ]
                }
            }
        ]
    }
}